// Jest Snapshot v1, https://goo.gl/fbAQLP

exports[`Pruebas en el componente GifGridItem GifGridItem debe mostrarse correctamente 1`] = `
<div
  className="card animate__animated animate__zoomIn"
>
  <img
    alt="DBZ"
    src="urlDeUnaImagen.jpg"
  />
  <p>
    DBZ
  </p>
</div>
`;
